Available Imports:
Import: A; Qualifier: A
Import: A; Qualifier: A.B
Import: A; Qualifier: A.B.C
Import: A; Qualifier: A.B.C.D
Import: E; Qualifier: E
Import: E; Qualifier: E.B
Import: E; Qualifier: E.B.C
Import: E; Qualifier: E.B.C.D
Import: F; Qualifier: F
Import: F; Qualifier: F.B
Import: F; Qualifier: F.B.C
Import: F; Qualifier: F.B.C.D

Edits:
main.adb
1:1-1:1 with A;

4:4-4:4 A.

