main.adb
2:1-4:19 with Ada.Calendar;
with Ada.Command_Line;
with Ada.Numerics.Elementary_Functions;

