Available Imports:
Import: Ada.Text_IO; Qualifier: 

Edits:
main.adb
1:1-1:1 with Ada.Text_IO;


