--  (main.orig) -L 2 -R 4
procedure Main is
   Y : Integer;
begin
   null;
end;
--  main:4:9-4:10 Usage of "Y" that is not safe to delete.
--  (main.orig) -L 2 -R 7
procedure Main is
   X : Integer;
begin
   X := Y + 1;
end;
--  main:10:29-10:30 Usage of "X" that is not safe to delete.
--  (main2.orig) -L 4 -R 7
with Ada.Integer_Text_IO;

procedure Main is
   Y : Integer;

   procedure Get (Value : out Integer) is null;

begin

   Ada.Integer_Text_IO.Put (X);

end;
