main.adb
2:1-5:22 with Ada.Calendar;
with Ada.Command_Line;
with Ada.Numerics.Elementary_Functions;
with Random_Booleans;

