Available Imports:
Import: Parent; Qualifier: 

Edits:
main.adb
1:1-1:1 with Parent;


