Available Imports:
Import: SomeLib.Logger; Qualifier: 
Import: SomeLib.Logger; Qualifier: SomeLib.Logger

Edits:
mylib-timestampedlogger.ads
1:1-1:1 with SomeLib.Logger;


