main.adb
1:1-3:32 with Ada.Containers;
with Ada.Text_IO;

with System.Address_Operations;

