Available Imports:
Import: Ada.Containers.Vectors; Qualifier: 

Edits:
main.adb
1:1-1:1 with Ada.Containers.Vectors;


