main.adb
1:1-7:22 with Ada.Command_Line, Ada.Calendar;
use Ada.Calendar;
with Ada.Integer_Text_IO, Ada.Text_IO, Ada.Float_Text_IO;
use Ada.Integer_Text_IO;
use Ada.Text_IO, Ada.Float_Text_IO;
with Ada.Numerics.Elementary_Functions;

with Random_Booleans;

