Available Imports:
Import: Test_1; Qualifier: 

Edits:
main.adb
1:1-1:1 with Test_1;


