main.adb
1:1-7:1 with Ada.Calendar;
with Ada.Command_Line;
with Ada.Integer_Text_IO, Ada.Text_IO, Ada.Float_Text_IO;
with Ada.Numerics.Elementary_Functions;
with Random_Booleans;



