Available Imports:
Import: Parent.Child.Great_Child; Qualifier: Parent.Child

Edits:
test.adb
5:4-5:4 Parent.Child.

