main.adb
4:1-4:1    procedure Extracted (Number : in out Integer);

   procedure Extracted (Number : in out Integer) is
   begin
      for J in 1 .. 10 loop
         Number := Number + 1;
      end loop;
   end Extracted;


7:1-15:1 
17:16-17:16  (Number => Number)

